Copyright 1986-2020 Xilinx, Inc. All Rights Reserved.
-------------------------------------------------------------------------------------------------------------------------
| Tool Version : Vivado v.2020.2 (win64) Build 3064766 Wed Nov 18 09:12:45 MST 2020
| Date         : Fri Jun 10 16:55:00 2022
| Host         : DESKTOP-3JGF4VF running 64-bit major release  (build 9200)
| Command      : report_utilization -file hydro_spartan_7_utilization_synth.rpt -pb hydro_spartan_7_utilization_synth.pb
| Design       : hydro_spartan_7
| Device       : 7s50ftgb196-2
| Design State : Synthesized
-------------------------------------------------------------------------------------------------------------------------

Utilization Design Information

Table of Contents
-----------------
1. Slice Logic
1.1 Summary of Registers by Type
2. Memory
3. DSP
4. IO and GT Specific
5. Clocking
6. Specific Feature
7. Primitives
8. Black Boxes
9. Instantiated Netlists

1. Slice Logic
--------------

+----------------------------+-------+-------+-----------+-------+
|          Site Type         |  Used | Fixed | Available | Util% |
+----------------------------+-------+-------+-----------+-------+
| Slice LUTs*                | 11311 |     0 |     32600 | 34.70 |
|   LUT as Logic             | 10863 |     0 |     32600 | 33.32 |
|   LUT as Memory            |   448 |     0 |      9600 |  4.67 |
|     LUT as Distributed RAM |    80 |     0 |           |       |
|     LUT as Shift Register  |   368 |     0 |           |       |
| Slice Registers            | 12185 |     0 |     65200 | 18.69 |
|   Register as Flip Flop    | 12184 |     0 |     65200 | 18.69 |
|   Register as Latch        |     0 |     0 |     65200 |  0.00 |
|   Register as AND/OR       |     1 |     0 |     65200 | <0.01 |
| F7 Muxes                   |   110 |     0 |     16300 |  0.67 |
| F8 Muxes                   |     0 |     0 |      8150 |  0.00 |
+----------------------------+-------+-------+-----------+-------+
* Warning! The Final LUT count, after physical optimizations and full implementation, is typically lower. Run opt_design after synthesis, if not already completed, for a more realistic count.


1.1 Summary of Registers by Type
--------------------------------

+-------+--------------+-------------+--------------+
| Total | Clock Enable | Synchronous | Asynchronous |
+-------+--------------+-------------+--------------+
| 1     |            _ |           - |            - |
| 0     |            _ |           - |          Set |
| 0     |            _ |           - |        Reset |
| 0     |            _ |         Set |            - |
| 0     |            _ |       Reset |            - |
| 0     |          Yes |           - |            - |
| 26    |          Yes |           - |          Set |
| 42    |          Yes |           - |        Reset |
| 196   |          Yes |         Set |            - |
| 11920 |          Yes |       Reset |            - |
+-------+--------------+-------------+--------------+


2. Memory
---------

+-------------------+------+-------+-----------+-------+
|     Site Type     | Used | Fixed | Available | Util% |
+-------------------+------+-------+-----------+-------+
| Block RAM Tile    | 60.5 |     0 |        75 | 80.67 |
|   RAMB36/FIFO*    |   48 |     0 |        75 | 64.00 |
|     FIFO36E1 only |   16 |       |           |       |
|     RAMB36E1 only |   32 |       |           |       |
|   RAMB18          |   25 |     0 |       150 | 16.67 |
|     RAMB18E1 only |   25 |       |           |       |
+-------------------+------+-------+-----------+-------+
* Note: Each Block RAM Tile only has one FIFO logic available and therefore can accommodate only one FIFO36E1 or one FIFO18E1. However, if a FIFO18E1 occupies a Block RAM Tile, that tile can still accommodate a RAMB18E1


3. DSP
------

+----------------+------+-------+-----------+-------+
|    Site Type   | Used | Fixed | Available | Util% |
+----------------+------+-------+-----------+-------+
| DSPs           |   24 |     0 |       120 | 20.00 |
|   DSP48E1 only |   24 |       |           |       |
+----------------+------+-------+-----------+-------+


4. IO and GT Specific
---------------------

+-----------------------------+------+-------+-----------+-------+
|          Site Type          | Used | Fixed | Available | Util% |
+-----------------------------+------+-------+-----------+-------+
| Bonded IOB                  |   37 |     0 |       100 | 37.00 |
| Bonded IPADs                |    0 |     0 |         2 |  0.00 |
| PHY_CONTROL                 |    0 |     0 |         5 |  0.00 |
| PHASER_REF                  |    0 |     0 |         5 |  0.00 |
| OUT_FIFO                    |    0 |     0 |        20 |  0.00 |
| IN_FIFO                     |    0 |     0 |        20 |  0.00 |
| IDELAYCTRL                  |    0 |     0 |         5 |  0.00 |
| IBUFDS                      |    0 |     0 |        96 |  0.00 |
| PHASER_OUT/PHASER_OUT_PHY   |    0 |     0 |        20 |  0.00 |
| PHASER_IN/PHASER_IN_PHY     |    0 |     0 |        20 |  0.00 |
| IDELAYE2/IDELAYE2_FINEDELAY |    0 |     0 |       250 |  0.00 |
| ILOGIC                      |    0 |     0 |       100 |  0.00 |
| OLOGIC                      |    0 |     0 |       100 |  0.00 |
+-----------------------------+------+-------+-----------+-------+


5. Clocking
-----------

+------------+------+-------+-----------+-------+
|  Site Type | Used | Fixed | Available | Util% |
+------------+------+-------+-----------+-------+
| BUFGCTRL   |    7 |     0 |        32 | 21.88 |
| BUFIO      |    0 |     0 |        20 |  0.00 |
| MMCME2_ADV |    1 |     0 |         5 | 20.00 |
| PLLE2_ADV  |    1 |     0 |         5 | 20.00 |
| BUFMRCE    |    0 |     0 |        10 |  0.00 |
| BUFHCE     |    0 |     0 |        72 |  0.00 |
| BUFR       |    0 |     0 |        20 |  0.00 |
+------------+------+-------+-----------+-------+


6. Specific Feature
-------------------

+-------------+------+-------+-----------+--------+
|  Site Type  | Used | Fixed | Available |  Util% |
+-------------+------+-------+-----------+--------+
| BSCANE2     |    1 |     0 |         4 |  25.00 |
| CAPTUREE2   |    0 |     0 |         1 |   0.00 |
| DNA_PORT    |    0 |     0 |         1 |   0.00 |
| EFUSE_USR   |    0 |     0 |         1 |   0.00 |
| FRAME_ECCE2 |    0 |     0 |         1 |   0.00 |
| ICAPE2      |    0 |     0 |         2 |   0.00 |
| STARTUPE2   |    1 |     0 |         1 | 100.00 |
| XADC        |    0 |     0 |         1 |   0.00 |
+-------------+------+-------+-----------+--------+


7. Primitives
-------------

+------------+-------+---------------------+
|  Ref Name  |  Used | Functional Category |
+------------+-------+---------------------+
| FDRE       | 11920 |        Flop & Latch |
| LUT2       |  3459 |                 LUT |
| LUT3       |  2832 |                 LUT |
| LUT6       |  2038 |                 LUT |
| LUT5       |  2038 |                 LUT |
| LUT4       |  1785 |                 LUT |
| CARRY4     |  1685 |          CarryLogic |
| LUT1       |   708 |                 LUT |
| SRL16E     |   351 |  Distributed Memory |
| FDSE       |   196 |        Flop & Latch |
| RAMD32     |   120 |  Distributed Memory |
| MUXF7      |   110 |               MuxFx |
| FDCE       |    42 |        Flop & Latch |
| RAMS32     |    40 |  Distributed Memory |
| RAMB36E1   |    32 |        Block Memory |
| FDPE       |    26 |        Flop & Latch |
| RAMB18E1   |    25 |        Block Memory |
| DSP48E1    |    24 |    Block Arithmetic |
| OBUF       |    21 |                  IO |
| SRLC16E    |    16 |  Distributed Memory |
| IBUF       |    16 |                  IO |
| FIFO36E1   |    16 |        Block Memory |
| BUFG       |     7 |               Clock |
| OBUFT      |     5 |                  IO |
| STARTUPE2  |     1 |              Others |
| SRLC32E    |     1 |  Distributed Memory |
| PLLE2_ADV  |     1 |               Clock |
| MMCME2_ADV |     1 |               Clock |
| BSCANE2    |     1 |              Others |
| AND2B1L    |     1 |              Others |
+------------+-------+---------------------+


8. Black Boxes
--------------

+----------+------+
| Ref Name | Used |
+----------+------+


9. Instantiated Netlists
------------------------

+----------+------+
| Ref Name | Used |
+----------+------+


